==================================================================
DETECCAO POR CLASSE REAL  (n=1138 metadados)
==================================================================
  classe 0 (macho   ):  119 obs |  100 corretas | deteccao  84.0% | proporcao amostrada  10.5%
  classe 1 (femea   ):  316 obs |  181 corretas | deteccao  57.3% | proporcao amostrada  27.8%
  classe 2 (outros  ):  115 obs |   63 corretas | deteccao  54.8% | proporcao amostrada  10.1%
  classe 3 (ambiente):  588 obs |  582 corretas | deteccao  99.0% | proporcao amostrada  51.7%
==================================================================
ACURACIA POR SENSOR
==================================================================
  sta0      20/ 23 =  87.0%
  sta1      19/ 23 =  82.6%
  sta10     18/ 23 =  78.3%
  sta11     19/ 23 =  82.6%
  sta12     15/ 23 =  65.2%
  sta13     19/ 23 =  82.6%
  sta14     20/ 23 =  87.0%
  sta15     17/ 23 =  73.9%
  sta16     19/ 23 =  82.6%
  sta17     20/ 23 =  87.0%
  sta18     20/ 23 =  87.0%
  sta19     19/ 23 =  82.6%
  sta2      16/ 23 =  69.6%
  sta20     19/ 23 =  82.6%
  sta21     21/ 23 =  91.3%
  sta22     20/ 23 =  87.0%
  sta23     21/ 23 =  91.3%
  sta24     17/ 23 =  73.9%
  sta25     19/ 23 =  82.6%
  sta26     18/ 23 =  78.3%
  sta27     18/ 23 =  78.3%
  sta28     18/ 23 =  78.3%
  sta29     16/ 23 =  69.6%
  sta3      20/ 23 =  87.0%
  sta30     18/ 23 =  78.3%
  sta31     20/ 23 =  87.0%
  sta32     18/ 23 =  78.3%
  sta33     16/ 22 =  72.7%
  sta34     20/ 23 =  87.0%
  sta35     18/ 23 =  78.3%
  sta36     19/ 23 =  82.6%
  sta37     18/ 22 =  81.8%
  sta38     19/ 23 =  82.6%
  sta39     19/ 23 =  82.6%
  sta4      19/ 23 =  82.6%
  sta40     17/ 22 =  77.3%
  sta41     18/ 23 =  78.3%
  sta42     18/ 22 =  81.8%
  sta43     15/ 22 =  68.2%
  sta44     20/ 22 =  90.9%
  sta45     17/ 21 =  81.0%
  sta46     20/ 22 =  90.9%
  sta47     22/ 22 = 100.0%
  sta48     15/ 22 =  68.2%
  sta49     20/ 22 =  90.9%
  sta5      16/ 23 =  69.6%
  sta6      20/ 23 =  87.0%
  sta7      19/ 23 =  82.6%
  sta8      17/ 23 =  73.9%
  sta9      20/ 23 =  87.0%
==================================================================
ACURACIA GERAL: 926/1138 = 81.37%
==================================================================
MATRIZ DE CONFUSAO (real x predita)
------------------------------------------------------------------
       pred0   pred1   pred2   pred3   n
real0     100       12        7        0      119
real1      60      181       74        1      316
real2      18       34       63        0      115
real3       4        0        2      582      588
