==================================================================
DETECCAO POR CLASSE REAL  (n=1143 metadados)
==================================================================
  classe 0 (macho   ):  120 obs |  101 corretas | deteccao  84.2% | proporcao amostrada  10.5%
  classe 1 (femea   ):  319 obs |  183 corretas | deteccao  57.4% | proporcao amostrada  27.9%
  classe 2 (outros  ):  115 obs |   63 corretas | deteccao  54.8% | proporcao amostrada  10.1%
  classe 3 (ambiente):  589 obs |  583 corretas | deteccao  99.0% | proporcao amostrada  51.5%
==================================================================
ACURACIA POR SENSOR
==================================================================
  sta0      20/ 23 =  87.0%
  sta1      19/ 23 =  82.6%
  sta10     18/ 23 =  78.3%
  sta11     19/ 23 =  82.6%
  sta12     15/ 23 =  65.2%
  sta13     19/ 23 =  82.6%
  sta14     20/ 23 =  87.0%
  sta15     17/ 23 =  73.9%
  sta16     19/ 23 =  82.6%
  sta17     20/ 23 =  87.0%
  sta18     20/ 23 =  87.0%
  sta19     19/ 23 =  82.6%
  sta2      16/ 23 =  69.6%
  sta20     19/ 23 =  82.6%
  sta21     21/ 23 =  91.3%
  sta22     20/ 23 =  87.0%
  sta23     21/ 23 =  91.3%
  sta24     17/ 23 =  73.9%
  sta25     19/ 23 =  82.6%
  sta26     18/ 23 =  78.3%
  sta27     18/ 23 =  78.3%
  sta28     18/ 23 =  78.3%
  sta29     16/ 23 =  69.6%
  sta3      20/ 23 =  87.0%
  sta30     18/ 23 =  78.3%
  sta31     20/ 23 =  87.0%
  sta32     18/ 23 =  78.3%
  sta33     16/ 23 =  69.6%
  sta34     20/ 23 =  87.0%
  sta35     18/ 23 =  78.3%
  sta36     19/ 23 =  82.6%
  sta37     19/ 23 =  82.6%
  sta38     19/ 23 =  82.6%
  sta39     19/ 23 =  82.6%
  sta4      19/ 23 =  82.6%
  sta40     17/ 22 =  77.3%
  sta41     18/ 23 =  78.3%
  sta42     18/ 22 =  81.8%
  sta43     16/ 23 =  69.6%
  sta44     20/ 22 =  90.9%
  sta45     18/ 22 =  81.8%
  sta46     20/ 22 =  90.9%
  sta47     23/ 23 = 100.0%
  sta48     15/ 22 =  68.2%
  sta49     20/ 22 =  90.9%
  sta5      16/ 23 =  69.6%
  sta6      20/ 23 =  87.0%
  sta7      19/ 23 =  82.6%
  sta8      17/ 23 =  73.9%
  sta9      20/ 23 =  87.0%
==================================================================
ACURACIA GERAL: 930/1143 = 81.36%
==================================================================
MATRIZ DE CONFUSAO (real x predita)
------------------------------------------------------------------
       pred0   pred1   pred2   pred3   n
real0     101       12        7        0      120
real1      61      183       74        1      319
real2      18       34       63        0      115
real3       4        0        2      583      589
