==================================================================
DETECCAO POR CLASSE REAL  (n=1129 metadados)
==================================================================
  classe 0 (macho   ):  117 obs |   98 corretas | deteccao  83.8% | proporcao amostrada  10.4%
  classe 1 (femea   ):  318 obs |  183 corretas | deteccao  57.5% | proporcao amostrada  28.2%
  classe 2 (outros  ):  114 obs |   62 corretas | deteccao  54.4% | proporcao amostrada  10.1%
  classe 3 (ambiente):  580 obs |  574 corretas | deteccao  99.0% | proporcao amostrada  51.4%
==================================================================
ACURACIA POR SENSOR
==================================================================
  sta0      20/ 23 =  87.0%
  sta1      19/ 23 =  82.6%
  sta10     18/ 23 =  78.3%
  sta11     19/ 23 =  82.6%
  sta12     15/ 23 =  65.2%
  sta13     19/ 23 =  82.6%
  sta14     20/ 23 =  87.0%
  sta15     17/ 23 =  73.9%
  sta16     19/ 23 =  82.6%
  sta17     20/ 23 =  87.0%
  sta18     20/ 23 =  87.0%
  sta19     19/ 23 =  82.6%
  sta2      16/ 23 =  69.6%
  sta20     19/ 23 =  82.6%
  sta21     21/ 22 =  95.5%
  sta22     19/ 23 =  82.6%
  sta23     20/ 22 =  90.9%
  sta24     16/ 22 =  72.7%
  sta25     19/ 23 =  82.6%
  sta26     18/ 23 =  78.3%
  sta27     17/ 22 =  77.3%
  sta28     18/ 23 =  78.3%
  sta29     15/ 22 =  68.2%
  sta3      20/ 23 =  87.0%
  sta30     17/ 22 =  77.3%
  sta31     19/ 22 =  86.4%
  sta32     18/ 23 =  78.3%
  sta33     16/ 22 =  72.7%
  sta34     20/ 23 =  87.0%
  sta35     17/ 22 =  77.3%
  sta36     20/ 23 =  87.0%
  sta37     18/ 23 =  78.3%
  sta38     18/ 22 =  81.8%
  sta39     19/ 23 =  82.6%
  sta4      19/ 23 =  82.6%
  sta40     16/ 22 =  72.7%
  sta41     17/ 22 =  77.3%
  sta42     19/ 23 =  82.6%
  sta43     15/ 22 =  68.2%
  sta44     20/ 22 =  90.9%
  sta45     18/ 22 =  81.8%
  sta46     20/ 22 =  90.9%
  sta47     21/ 21 = 100.0%
  sta48     15/ 21 =  71.4%
  sta49     20/ 22 =  90.9%
  sta5      16/ 23 =  69.6%
  sta6      20/ 23 =  87.0%
  sta7      19/ 23 =  82.6%
  sta8      17/ 23 =  73.9%
  sta9      20/ 23 =  87.0%
==================================================================
ACURACIA GERAL: 917/1129 = 81.22%
==================================================================
MATRIZ DE CONFUSAO (real x predita)
------------------------------------------------------------------
       pred0   pred1   pred2   pred3   n
real0      98       12        7        0      117
real1      62      183       72        1      318
real2      18       34       62        0      114
real3       4        0        2      574      580
