CSV: dados/experimentos/experimento_20260915_045417/metricas_por_run.csv
Metricas: 51 | cargas: [10, 20, 30, 40, 50] | saída: analise_host/experimento_20260915_045417/graficos
gerado: analise_host/experimento_20260915_045417/graficos/ap_beacon_loss.png
  carga                        | 10              20              30              40              50              
                               | media±desv(n)    media±desv(n)    media±desv(n)    media±desv(n)    media±desv(n)   
  ap_beacon_loss               | 0±0(3)          0±0(3)          0±0(3)          0±0(3)          0±0(3)          
gerado: analise_host/experimento_20260915_045417/graficos/ap_bitrate_media_mbps.png
  carga                        | 10              20              30              40              50              
                               | media±desv(n)    media±desv(n)    media±desv(n)    media±desv(n)    media±desv(n)   
  ap_bitrate_media_mbps        | 47±1.07(3)      45.9±0.298(3)   49.3±0.639(3)   49±1.27(3)      49.2±1.62(3)    
gerado: analise_host/experimento_20260915_045417/graficos/ap_failed.png
  carga                        | 10              20              30              40              50              
                               | media±desv(n)    media±desv(n)    media±desv(n)    media±desv(n)    media±desv(n)   
  ap_failed                    | 0±0(3)          0±0(3)          0±0(3)          0±0(3)          0±0(3)          
gerado: analise_host/experimento_20260915_045417/graficos/ap_peer_tx_pkts.png
  carga                        | 10              20              30              40              50              
                               | media±desv(n)    media±desv(n)    media±desv(n)    media±desv(n)    media±desv(n)   
  ap_peer_tx_pkts              | 1402.0±12.1(3)  1412.7±0.577(3) 1424.3±20(3)    1431.3±6.81(3)  1402.3±15.9(3)  
gerado: analise_host/experimento_20260915_045417/graficos/ap_pkts_rx.png
  carga                        | 10              20              30              40              50              
                               | media±desv(n)    media±desv(n)    media±desv(n)    media±desv(n)    media±desv(n)   
  ap_pkts_rx                   | 1460.3±22.3(3)  1471.7±6.11(3)  1443.3±22.4(3)  1435.7±8.5(3)   1409.3±14.4(3)  
gerado: analise_host/experimento_20260915_045417/graficos/ap_pkts_tx.png
  carga                        | 10              20              30              40              50              
                               | media±desv(n)    media±desv(n)    media±desv(n)    media±desv(n)    media±desv(n)   
  ap_pkts_tx                   | 1435.0±11.8(3)  1439.3±0.577(3) 1466.3±13.1(3)  1469.7±9.29(3)  1453.7±4.73(3)  
gerado: analise_host/experimento_20260915_045417/graficos/ap_retries.png
  carga                        | 10              20              30              40              50              
                               | media±desv(n)    media±desv(n)    media±desv(n)    media±desv(n)    media±desv(n)   
  ap_retries                   | 0±0(3)          0±0(3)          0±0(3)          0±0(3)          0±0(3)          
gerado: analise_host/experimento_20260915_045417/graficos/ap_rssi_media_dbm.png
  carga                        | 10              20              30              40              50              
                               | media±desv(n)    media±desv(n)    media±desv(n)    media±desv(n)    media±desv(n)   
  ap_rssi_media_dbm            | -46.5±0.231(3)  -46.7±0.551(3)  -46.7±0.0962(3) -46.7±0.188(3)  -46.8±0.0721(3) 
gerado: analise_host/experimento_20260915_045417/graficos/app_dups.png
  carga                        | 10              20              30              40              50              
                               | media±desv(n)    media±desv(n)    media±desv(n)    media±desv(n)    media±desv(n)   
  app_dups                     | 0±0(3)          0±0(3)          10±1.73(3)      13.3±12.3(3)    19±3.46(3)      
gerado: analise_host/experimento_20260915_045417/graficos/app_gaps.png
  carga                        | 10              20              30              40              50              
                               | media±desv(n)    media±desv(n)    media±desv(n)    media±desv(n)    media±desv(n)   
  app_gaps                     | 21±7.94(3)      56±10.4(3)      44±7.81(3)      51.3±6.81(3)    40.3±29.1(3)    
gerado: analise_host/experimento_20260915_045417/graficos/app_goodput_media_kbps.png
  carga                        | 10              20              30              40              50              
                               | media±desv(n)    media±desv(n)    media±desv(n)    media±desv(n)    media±desv(n)   
  app_goodput_media_kbps       | 1.54±0.0328(3)  3.08±0.0305(3)  6.68±0.382(3)   9.89±0.467(3)   9.09±0.583(3)   
gerado: analise_host/experimento_20260915_045417/graficos/app_goodput_sustentado_kbps.png
  carga                        | 10              20              30              40              50              
                               | media±desv(n)    media±desv(n)    media±desv(n)    media±desv(n)    media±desv(n)   
  app_goodput_sustentado_kbps  | 1.62±0.0216(3)  3.17±0.0403(3)  4.7±0.0359(3)   6.28±0.0699(3)  7.7±0.152(3)    
gerado: analise_host/experimento_20260915_045417/graficos/app_lat_max_ms.png
  carga                        | 10              20              30              40              50              
                               | media±desv(n)    media±desv(n)    media±desv(n)    media±desv(n)    media±desv(n)   
  app_lat_max_ms               | 64.6±22.9(3)    63.7±3.15(3)    6139.5±115.7(3) 6126.6±127.2(3) 6219.0±95.1(3)  
gerado: analise_host/experimento_20260915_045417/graficos/app_lat_media_ms.png
  carga                        | 10              20              30              40              50              
                               | media±desv(n)    media±desv(n)    media±desv(n)    media±desv(n)    media±desv(n)   
  app_lat_media_ms             | 5.91±0.735(3)   6.47±0.532(3)   89.6±6.45(3)    132.0±42.3(3)   219.8±9.44(3)   
gerado: analise_host/experimento_20260915_045417/graficos/app_lat_min_ms.png
  carga                        | 10              20              30              40              50              
                               | media±desv(n)    media±desv(n)    media±desv(n)    media±desv(n)    media±desv(n)   
  app_lat_min_ms               | 1.81±0.111(3)   1.93±0.156(3)   1.79±0.13(3)    1.92±0.0196(3)  1.79±0.0577(3)  
gerado: analise_host/experimento_20260915_045417/graficos/app_lat_p50_ms.png
  carga                        | 10              20              30              40              50              
                               | media±desv(n)    media±desv(n)    media±desv(n)    media±desv(n)    media±desv(n)   
  app_lat_p50_ms               | 4.29±0.197(3)   4.81±0.172(3)   3.89±0.176(3)   3.91±0.0465(3)  3.82±0.0445(3)  
gerado: analise_host/experimento_20260915_045417/graficos/app_lat_p90_ms.png
  carga                        | 10              20              30              40              50              
                               | media±desv(n)    media±desv(n)    media±desv(n)    media±desv(n)    media±desv(n)   
  app_lat_p90_ms               | 8.38±1.47(3)    9.42±0.904(3)   8.1±0.742(3)    20.6±13.8(3)    1028.1±6.09(3)  
gerado: analise_host/experimento_20260915_045417/graficos/app_lat_p99_ms.png
  carga                        | 10              20              30              40              50              
                               | media±desv(n)    media±desv(n)    media±desv(n)    media±desv(n)    media±desv(n)   
  app_lat_p99_ms               | 13.4±2.8(3)     14±1.14(3)      1197.2±158.0(3) 1505.6±431.4(3) 2200.9±196.2(3) 
gerado: analise_host/experimento_20260915_045417/graficos/app_lat_p99_ms_all.png
  carga                        | 10              20              30              40              50              
                               | media±desv(n)    media±desv(n)    media±desv(n)    media±desv(n)    media±desv(n)   
  app_lat_p99_ms_all           | 39.4±4.82(3)    38.6±5.27(3)    1739.7±533.5(3) 3816.4±2525.8(3)4350.9±1.14(3)  
gerado: analise_host/experimento_20260915_045417/graficos/app_msgs_total.png
  carga                        | 10              20              30              40              50              
                               | media±desv(n)    media±desv(n)    media±desv(n)    media±desv(n)    media±desv(n)   
  app_msgs_total               | 640.0±34.6(3)   1273.3±23.1(3)  1913.3±11.5(3)  2560.0±34.6(3)  3140.0±69.3(3)  
gerado: analise_host/experimento_20260915_045417/graficos/app_perda_pct.png
  carga                        | 10              20              30              40              50              
                               | media±desv(n)    media±desv(n)    media±desv(n)    media±desv(n)    media±desv(n)   
  app_perda_pct                | 3.33±1.46(3)    4.41±0.882(3)   2.3±0.416(3)    2.01±0.295(3)   1.3±0.965(3)    
gerado: analise_host/experimento_20260915_045417/graficos/broker_clients.png
  carga                        | 10              20              30              40              50              
                               | media±desv(n)    media±desv(n)    media±desv(n)    media±desv(n)    media±desv(n)   
  broker_clients               | 3±0(3)          3±0(3)          3±0(3)          3±0(3)          3±0(3)          
gerado: analise_host/experimento_20260915_045417/graficos/broker_msg_recv.png
  carga                        | 10              20              30              40              50              
                               | media±desv(n)    media±desv(n)    media±desv(n)    media±desv(n)    media±desv(n)   
  broker_msg_recv              | 220.0±0(3)      440.0±0(3)      658.0±2(3)      876.3±1.15(3)   1083.3±4.73(3)  
gerado: analise_host/experimento_20260915_045417/graficos/broker_msg_sent.png
  carga                        | 10              20              30              40              50              
                               | media±desv(n)    media±desv(n)    media±desv(n)    media±desv(n)    media±desv(n)   
  broker_msg_sent              | 642.3±8.02(3)   1266.3±11.4(3)  1925.0±0(3)     2586.0±10.8(3)  3192.3±43.6(3)  
gerado: analise_host/experimento_20260915_045417/graficos/broker_pub_sent.png
  carga                        | 10              20              30              40              50              
                               | media±desv(n)    media±desv(n)    media±desv(n)    media±desv(n)    media±desv(n)   
  broker_pub_sent              | 642.3±8.02(3)   1266.3±11.4(3)  1925.0±0(3)     2586.0±10.8(3)  3192.3±43.6(3)  
gerado: analise_host/experimento_20260915_045417/graficos/broker_rx_kbps.png
  carga                        | 10              20              30              40              50              
                               | media±desv(n)    media±desv(n)    media±desv(n)    media±desv(n)    media±desv(n)   
  broker_rx_kbps               | 1.6±9.56e-05(3) 3.2±0.000166(3) 4.8±0.0153(3)   6.39±0.00898(3) 7.9±0.035(3)    
gerado: analise_host/experimento_20260915_045417/graficos/broker_tx_kbps.png
  carga                        | 10              20              30              40              50              
                               | media±desv(n)    media±desv(n)    media±desv(n)    media±desv(n)    media±desv(n)   
  broker_tx_kbps               | 4.67±0.0587(3)  9.21±0.0808(3)  14±0.00324(3)   18.9±0.0773(3)  23.3±0.317(3)   
gerado: analise_host/experimento_20260915_045417/graficos/det_acuracia_pct.png
  carga                        | 10              20              30              40              50              
                               | media±desv(n)    media±desv(n)    media±desv(n)    media±desv(n)    media±desv(n)   
  det_acuracia_pct             | 80.9±0(3)       80.9±0(3)       80.9±0.137(3)   80.9±0.04(3)    81.1±0.225(3)   
gerado: analise_host/experimento_20260915_045417/graficos/det_classe_0_obs.png
  carga                        | 10              20              30              40              50              
                               | media±desv(n)    media±desv(n)    media±desv(n)    media±desv(n)    media±desv(n)   
  det_classe_0_obs             | 22±0(3)         47±0(3)         72.7±0.577(3)   97±1.73(3)      114.7±1.15(3)   
gerado: analise_host/experimento_20260915_045417/graficos/det_classe_0_ok.png
  carga                        | 10              20              30              40              50              
                               | media±desv(n)    media±desv(n)    media±desv(n)    media±desv(n)    media±desv(n)   
  det_classe_0_ok              | 17±0(3)         39±0(3)         64±0(3)         81±1.73(3)      95.7±1.15(3)    
gerado: analise_host/experimento_20260915_045417/graficos/det_classe_0_taxa_pct.png
  carga                        | 10              20              30              40              50              
                               | media±desv(n)    media±desv(n)    media±desv(n)    media±desv(n)    media±desv(n)   
  det_classe_0_taxa_pct        | 77.3±0(3)       83±0(3)         88.1±0.704(3)   83.5±0.294(3)   83.4±0.167(3)   
gerado: analise_host/experimento_20260915_045417/graficos/det_classe_1_obs.png
  carga                        | 10              20              30              40              50              
                               | media±desv(n)    media±desv(n)    media±desv(n)    media±desv(n)    media±desv(n)   
  det_classe_1_obs             | 59±0(3)         116.0±0(3)      185.0±1(3)      249.7±2.31(3)   303.3±3.21(3)   
gerado: analise_host/experimento_20260915_045417/graficos/det_classe_1_ok.png
  carga                        | 10              20              30              40              50              
                               | media±desv(n)    media±desv(n)    media±desv(n)    media±desv(n)    media±desv(n)   
  det_classe_1_ok              | 36±0(3)         61±0(3)         97±1(3)         139.7±0.577(3)  172.3±4.16(3)   
gerado: analise_host/experimento_20260915_045417/graficos/det_classe_1_taxa_pct.png
  carga                        | 10              20              30              40              50              
                               | media±desv(n)    media±desv(n)    media±desv(n)    media±desv(n)    media±desv(n)   
  det_classe_1_taxa_pct        | 61±0(3)         52.6±0(3)       52.4±0.26(3)    55.9±0.289(3)   56.8±0.845(3)   
gerado: analise_host/experimento_20260915_045417/graficos/det_classe_2_obs.png
  carga                        | 10              20              30              40              50              
                               | media±desv(n)    media±desv(n)    media±desv(n)    media±desv(n)    media±desv(n)   
  det_classe_2_obs             | 29±0(3)         52±0(3)         67±0(3)         91.7±0.577(3)   109.7±1.53(3)   
gerado: analise_host/experimento_20260915_045417/graficos/det_classe_2_ok.png
  carga                        | 10              20              30              40              50              
                               | media±desv(n)    media±desv(n)    media±desv(n)    media±desv(n)    media±desv(n)   
  det_classe_2_ok              | 13±0(3)         28±0(3)         37.7±0.577(3)   50±0(3)         60±1(3)         
gerado: analise_host/experimento_20260915_045417/graficos/det_classe_2_taxa_pct.png
  carga                        | 10              20              30              40              50              
                               | media±desv(n)    media±desv(n)    media±desv(n)    media±desv(n)    media±desv(n)   
  det_classe_2_taxa_pct        | 44.8±0(3)       53.9±0(3)       56.2±0.866(3)   54.6±0.346(3)   54.7±0.212(3)   
gerado: analise_host/experimento_20260915_045417/graficos/det_classe_3_obs.png
  carga                        | 10              20              30              40              50              
                               | media±desv(n)    media±desv(n)    media±desv(n)    media±desv(n)    media±desv(n)   
  det_classe_3_obs             | 120.0±0(3)      245.0±0(3)      341.0±2.65(3)   444.7±3.79(3)   554.7±3.06(3)   
gerado: analise_host/experimento_20260915_045417/graficos/det_classe_3_ok.png
  carga                        | 10              20              30              40              50              
                               | media±desv(n)    media±desv(n)    media±desv(n)    media±desv(n)    media±desv(n)   
  det_classe_3_ok              | 120.0±0(3)      244.0±0(3)      339.7±2.52(3)   443.7±3.79(3)   549.7±2.08(3)   
gerado: analise_host/experimento_20260915_045417/graficos/det_classe_3_taxa_pct.png
  carga                        | 10              20              30              40              50              
                               | media±desv(n)    media±desv(n)    media±desv(n)    media±desv(n)    media±desv(n)   
  det_classe_3_taxa_pct        | 100.0±0(3)      99.6±0(3)       99.6±0.165(3)   99.8±0.00577(3) 99.1±0.18(3)    
gerado: analise_host/experimento_20260915_045417/graficos/det_corretas.png
  carga                        | 10              20              30              40              50              
                               | media±desv(n)    media±desv(n)    media±desv(n)    media±desv(n)    media±desv(n)   
  det_corretas                 | 186.0±0(3)      372.0±0(3)      538.3±2.52(3)   714.3±5.51(3)   877.7±5.03(3)   
gerado: analise_host/experimento_20260915_045417/graficos/det_n_total.png
  carga                        | 10              20              30              40              50              
                               | media±desv(n)    media±desv(n)    media±desv(n)    media±desv(n)    media±desv(n)   
  det_n_total                  | 230.0±0(3)      460.0±0(3)      665.7±2.08(3)   883.0±7(3)      1082.3±6.43(3)  
gerado: analise_host/experimento_20260915_045417/graficos/sta_beacon_loss.png
  carga                        | 10              20              30              40              50              
                               | media±desv(n)    media±desv(n)    media±desv(n)    media±desv(n)    media±desv(n)   
  sta_beacon_loss              | 0±0(3)          0±0(3)          0±0(3)          0±0(3)          0±0(3)          
gerado: analise_host/experimento_20260915_045417/graficos/sta_bitrate_media_mbps.png
  carga                        | 10              20              30              40              50              
                               | media±desv(n)    media±desv(n)    media±desv(n)    media±desv(n)    media±desv(n)   
  sta_bitrate_media_mbps       | 47.2±0.0748(3)  48.1±0.0251(3)  48.1±0.271(3)   47.9±0.498(3)   48.8±0.258(3)   
gerado: analise_host/experimento_20260915_045417/graficos/sta_bytes_rx.png
  carga                        | 10              20              30              40              50              
                               | media±desv(n)    media±desv(n)    media±desv(n)    media±desv(n)    media±desv(n)   
  sta_bytes_rx                 | 1.69e+05±9220.5(3)3.21e+05±1485.5(3)4.83e+05±4629.5(3)6.45e+05±5337.6(3)7.91e+05±1.4e+04(3)
gerado: analise_host/experimento_20260915_045417/graficos/sta_bytes_tx.png
  carga                        | 10              20              30              40              50              
                               | media±desv(n)    media±desv(n)    media±desv(n)    media±desv(n)    media±desv(n)   
  sta_bytes_tx                 | 2.2e+05±1887.2(3)4.42e+05±1809.4(3)6.71e+05±3356.1(3)9.02e+05±4976.8(3)1.13e+06±2680.3(3)
gerado: analise_host/experimento_20260915_045417/graficos/sta_failed.png
  carga                        | 10              20              30              40              50              
                               | media±desv(n)    media±desv(n)    media±desv(n)    media±desv(n)    media±desv(n)   
  sta_failed                   | 0±0(3)          0±0(3)          0±0(3)          0±0(3)          0±0(3)          
gerado: analise_host/experimento_20260915_045417/graficos/sta_pkts_rx.png
  carga                        | 10              20              30              40              50              
                               | media±desv(n)    media±desv(n)    media±desv(n)    media±desv(n)    media±desv(n)   
  sta_pkts_rx                  | 1716.0±35.6(3)  3353.0±4(3)     5228.3±115.8(3) 6989.7±142.0(3) 8674.7±344.8(3) 
gerado: analise_host/experimento_20260915_045417/graficos/sta_pkts_tx.png
  carga                        | 10              20              30              40              50              
                               | media±desv(n)    media±desv(n)    media±desv(n)    media±desv(n)    media±desv(n)   
  sta_pkts_tx                  | 1460.3±22.3(3)  2931.3±20.4(3)  4479.0±32.2(3)  6019.0±6(3)     7562.3±52.2(3)  
gerado: analise_host/experimento_20260915_045417/graficos/sta_retries.png
  carga                        | 10              20              30              40              50              
                               | media±desv(n)    media±desv(n)    media±desv(n)    media±desv(n)    media±desv(n)   
  sta_retries                  | 0±0(3)          0±0(3)          0±0(3)          0±0(3)          0±0(3)          
gerado: analise_host/experimento_20260915_045417/graficos/sta_rssi_media_dbm.png
  carga                        | 10              20              30              40              50              
                               | media±desv(n)    media±desv(n)    media±desv(n)    media±desv(n)    media±desv(n)   
  sta_rssi_media_dbm           | -46.5±0.231(3)  -46.7±0.551(3)  -46.7±0.0962(3) -46.7±0.188(3)  -46.8±0.0721(3) 
