[2026-09-14 23:51:10] === EXPERIMENTO experimento_20260914_235110 ===
[2026-09-14 23:51:10] Cargas: [10, 20, 30, 40, 50] (APs: [1, 2, 3, 4, 5]) | runs/carga: 3 | tempo/run: 300s | protocolo: mqtt
[2026-09-14 23:51:10] Rede: raio=60m raio_min=30m dist_aps=150m canal=3 sysloss=1 exp=2 var=4
[2026-09-14 23:51:10] Tempo estimado total: ~210 min
[2026-09-14 23:51:10] === CARGA 10 sensores (1 APs) ===
[2026-09-14 23:51:10]   run 1/3 (carga 10) comecando...
[2026-09-14 23:58:18]   [OK] c10_run1 -> /app/dados/experimentos/experimento_20260914_235110/metricas_por_run.csv
[2026-09-14 23:58:18]   run 2/3 (carga 10) comecando...
[2026-09-15 00:05:26]   [OK] c10_run2 -> /app/dados/experimentos/experimento_20260914_235110/metricas_por_run.csv
[2026-09-15 00:05:26]   run 3/3 (carga 10) comecando...
[2026-09-15 00:12:34]   [OK] c10_run3 -> /app/dados/experimentos/experimento_20260914_235110/metricas_por_run.csv
[2026-09-15 00:12:34] === CARGA 20 sensores (2 APs) ===
[2026-09-15 00:12:34]   run 1/3 (carga 20) comecando...
[2026-09-15 00:21:33]   [OK] c20_run1 -> /app/dados/experimentos/experimento_20260914_235110/metricas_por_run.csv
[2026-09-15 00:21:33]   run 2/3 (carga 20) comecando...
[2026-09-15 00:30:33]   [OK] c20_run2 -> /app/dados/experimentos/experimento_20260914_235110/metricas_por_run.csv
[2026-09-15 00:30:33]   run 3/3 (carga 20) comecando...
[2026-09-15 00:39:33]   [OK] c20_run3 -> /app/dados/experimentos/experimento_20260914_235110/metricas_por_run.csv
[2026-09-15 00:39:33] === CARGA 30 sensores (3 APs) ===
[2026-09-15 00:39:33]   run 1/3 (carga 30) comecando...
[2026-09-15 00:50:33]   [OK] c30_run1 -> /app/dados/experimentos/experimento_20260914_235110/metricas_por_run.csv
[2026-09-15 00:50:33]   run 2/3 (carga 30) comecando...
[2026-09-15 01:01:24]   [OK] c30_run2 -> /app/dados/experimentos/experimento_20260914_235110/metricas_por_run.csv
[2026-09-15 01:01:24]   run 3/3 (carga 30) comecando...
[2026-09-15 01:12:16]   [OK] c30_run3 -> /app/dados/experimentos/experimento_20260914_235110/metricas_por_run.csv
[2026-09-15 01:12:16] === CARGA 40 sensores (4 APs) ===
[2026-09-15 01:12:16]   run 1/3 (carga 40) comecando...
[2026-09-15 01:25:08]   [OK] c40_run1 -> /app/dados/experimentos/experimento_20260914_235110/metricas_por_run.csv
[2026-09-15 01:25:08]   run 2/3 (carga 40) comecando...
[2026-09-15 01:37:51]   [OK] c40_run2 -> /app/dados/experimentos/experimento_20260914_235110/metricas_por_run.csv
[2026-09-15 01:37:51]   run 3/3 (carga 40) comecando...
[2026-09-15 01:50:34]   [OK] c40_run3 -> /app/dados/experimentos/experimento_20260914_235110/metricas_por_run.csv
[2026-09-15 01:50:34] === CARGA 50 sensores (5 APs) ===
[2026-09-15 01:50:34]   run 1/3 (carga 50) comecando...
[2026-09-15 02:04:48]   [OK] c50_run1 -> /app/dados/experimentos/experimento_20260914_235110/metricas_por_run.csv
[2026-09-15 02:04:48]   run 2/3 (carga 50) comecando...

=== CARGA 50 reexecutada separadamente (experimento_20260915_020930) ===
[NOTA fusao] 3 runs de c50 (status ok) incorporados de experimento_20260915_020930;
[NOTA fusao] c50_run1 timeout do 1o exp movido para raw/c50_run1_source_timeout.
[2026-09-15_04:39:43] RECOMPUTE: metricas_por_run.csv ganhou app_goodput_sustentado_kbps e app_lat_p50/p90/p99_ms_all (goodput sustentado por logs; latencia p50/p90/p99 sobre todas as msgs). Média de janelas (app_goodput_media_kbps, app_lat_*_ms) mantida.
