[2026-09-15 07:36:06] === EXPERIMENTO experimento_20260915_073606 ===
[2026-09-15 07:36:06] Cargas: [10, 20, 30, 40, 50] (APs: [1, 2, 3, 4, 5]) | runs/carga: 3 | tempo/run: 300s | protocolo: coap
[2026-09-15 07:36:06] Rede: raio=60m raio_min=30m dist_aps=150m canal=3 sysloss=1 exp=2 var=4
[2026-09-15 07:36:06] Tempo estimado total: ~210 min
[2026-09-15 07:36:06] === CARGA 10 sensores (1 APs) ===
[2026-09-15 07:36:06]   run 1/3 (carga 10) comecando...
[2026-09-15 07:43:12]   [OK] c10_run1 -> /app/dados/experimentos/experimento_20260915_073606/metricas_por_run.csv
[2026-09-15 07:43:12]   run 2/3 (carga 10) comecando...
[2026-09-15 07:50:18]   [OK] c10_run2 -> /app/dados/experimentos/experimento_20260915_073606/metricas_por_run.csv
[2026-09-15 07:50:18]   run 3/3 (carga 10) comecando...
[2026-09-15 07:57:24]   [OK] c10_run3 -> /app/dados/experimentos/experimento_20260915_073606/metricas_por_run.csv
[2026-09-15 07:57:24] === CARGA 20 sensores (2 APs) ===
[2026-09-15 07:57:24]   run 1/3 (carga 20) comecando...
[2026-09-15 08:06:20]   [OK] c20_run1 -> /app/dados/experimentos/experimento_20260915_073606/metricas_por_run.csv
[2026-09-15 08:06:20]   run 2/3 (carga 20) comecando...
[2026-09-15 08:15:16]   [OK] c20_run2 -> /app/dados/experimentos/experimento_20260915_073606/metricas_por_run.csv
[2026-09-15 08:15:16]   run 3/3 (carga 20) comecando...
[2026-09-15 08:24:13]   [OK] c20_run3 -> /app/dados/experimentos/experimento_20260915_073606/metricas_por_run.csv
[2026-09-15 08:24:13] === CARGA 30 sensores (3 APs) ===
[2026-09-15 08:24:13]   run 1/3 (carga 30) comecando...
[2026-09-15 08:34:59]   [OK] c30_run1 -> /app/dados/experimentos/experimento_20260915_073606/metricas_por_run.csv
[2026-09-15 08:34:59]   run 2/3 (carga 30) comecando...
[2026-09-15 08:45:46]   [OK] c30_run2 -> /app/dados/experimentos/experimento_20260915_073606/metricas_por_run.csv
[2026-09-15 08:45:46]   run 3/3 (carga 30) comecando...
[2026-09-15 08:56:34]   [OK] c30_run3 -> /app/dados/experimentos/experimento_20260915_073606/metricas_por_run.csv
[2026-09-15 08:56:34] === CARGA 40 sensores (4 APs) ===
[2026-09-15 08:56:34]   run 1/3 (carga 40) comecando...
[2026-09-15 09:09:13]   [OK] c40_run1 -> /app/dados/experimentos/experimento_20260915_073606/metricas_por_run.csv
[2026-09-15 09:09:13]   run 2/3 (carga 40) comecando...
[2026-09-15 09:21:51]   [OK] c40_run2 -> /app/dados/experimentos/experimento_20260915_073606/metricas_por_run.csv
[2026-09-15 09:21:51]   run 3/3 (carga 40) comecando...
[2026-09-15 09:34:29]   [OK] c40_run3 -> /app/dados/experimentos/experimento_20260915_073606/metricas_por_run.csv
[2026-09-15 09:34:29] === CARGA 50 sensores (5 APs) ===
[2026-09-15 09:34:29]   run 1/3 (carga 50) comecando...
[2026-09-15 09:48:57]   [OK] c50_run1 -> /app/dados/experimentos/experimento_20260915_073606/metricas_por_run.csv
[2026-09-15 09:48:57]   run 2/3 (carga 50) comecando...
[2026-09-15 10:03:26]   [OK] c50_run2 -> /app/dados/experimentos/experimento_20260915_073606/metricas_por_run.csv
[2026-09-15 10:03:26]   run 3/3 (carga 50) comecando...
[2026-09-15 10:17:58]   [OK] c50_run3 -> /app/dados/experimentos/experimento_20260915_073606/metricas_por_run.csv
[2026-09-15 10:17:58] === EXPERIMENTO experimento_20260915_073606 CONCLUIDO ===
[2026-09-15 10:17:58] Resultados em: /app/dados/experimentos/experimento_20260915_073606
