[2026-09-15 04:54:17] === EXPERIMENTO experimento_20260915_045417 ===
[2026-09-15 04:54:17] Cargas: [10, 20, 30, 40, 50] (APs: [1, 2, 3, 4, 5]) | runs/carga: 3 | tempo/run: 300s | protocolo: http
[2026-09-15 04:54:17] Rede: raio=60m raio_min=30m dist_aps=150m canal=3 sysloss=1 exp=2 var=4
[2026-09-15 04:54:17] Tempo estimado total: ~210 min
[2026-09-15 04:54:17] === CARGA 10 sensores (1 APs) ===
[2026-09-15 04:54:17]   run 1/3 (carga 10) comecando...
[2026-09-15 05:01:24]   [OK] c10_run1 -> /app/dados/experimentos/experimento_20260915_045417/metricas_por_run.csv
[2026-09-15 05:01:24]   run 2/3 (carga 10) comecando...
[2026-09-15 05:08:31]   [OK] c10_run2 -> /app/dados/experimentos/experimento_20260915_045417/metricas_por_run.csv
[2026-09-15 05:08:31]   run 3/3 (carga 10) comecando...
[2026-09-15 05:15:37]   [OK] c10_run3 -> /app/dados/experimentos/experimento_20260915_045417/metricas_por_run.csv
[2026-09-15 05:15:37] === CARGA 20 sensores (2 APs) ===
[2026-09-15 05:15:37]   run 1/3 (carga 20) comecando...
[2026-09-15 05:24:33]   [OK] c20_run1 -> /app/dados/experimentos/experimento_20260915_045417/metricas_por_run.csv
[2026-09-15 05:24:33]   run 2/3 (carga 20) comecando...
[2026-09-15 05:33:30]   [OK] c20_run2 -> /app/dados/experimentos/experimento_20260915_045417/metricas_por_run.csv
[2026-09-15 05:33:30]   run 3/3 (carga 20) comecando...
[2026-09-15 05:42:26]   [OK] c20_run3 -> /app/dados/experimentos/experimento_20260915_045417/metricas_por_run.csv
[2026-09-15 05:42:26] === CARGA 30 sensores (3 APs) ===
[2026-09-15 05:42:26]   run 1/3 (carga 30) comecando...
[2026-09-15 05:53:13]   [OK] c30_run1 -> /app/dados/experimentos/experimento_20260915_045417/metricas_por_run.csv
[2026-09-15 05:53:13]   run 2/3 (carga 30) comecando...
[2026-09-15 06:04:00]   [OK] c30_run2 -> /app/dados/experimentos/experimento_20260915_045417/metricas_por_run.csv
[2026-09-15 06:04:00]   run 3/3 (carga 30) comecando...
[2026-09-15 06:14:46]   [OK] c30_run3 -> /app/dados/experimentos/experimento_20260915_045417/metricas_por_run.csv
[2026-09-15 06:14:46] === CARGA 40 sensores (4 APs) ===
[2026-09-15 06:14:46]   run 1/3 (carga 40) comecando...
[2026-09-15 06:27:24]   [OK] c40_run1 -> /app/dados/experimentos/experimento_20260915_045417/metricas_por_run.csv
[2026-09-15 06:27:24]   run 2/3 (carga 40) comecando...
[2026-09-15 06:40:01]   [OK] c40_run2 -> /app/dados/experimentos/experimento_20260915_045417/metricas_por_run.csv
[2026-09-15 06:40:01]   run 3/3 (carga 40) comecando...
[2026-09-15 06:52:38]   [OK] c40_run3 -> /app/dados/experimentos/experimento_20260915_045417/metricas_por_run.csv
[2026-09-15 06:52:38] === CARGA 50 sensores (5 APs) ===
[2026-09-15 06:52:38]   run 1/3 (carga 50) comecando...
[2026-09-15 07:07:09]   [OK] c50_run1 -> /app/dados/experimentos/experimento_20260915_045417/metricas_por_run.csv
[2026-09-15 07:07:09]   run 2/3 (carga 50) comecando...
[2026-09-15 07:21:37]   [OK] c50_run2 -> /app/dados/experimentos/experimento_20260915_045417/metricas_por_run.csv
[2026-09-15 07:21:37]   run 3/3 (carga 50) comecando...
[2026-09-15 07:36:06]   [OK] c50_run3 -> /app/dados/experimentos/experimento_20260915_045417/metricas_por_run.csv
[2026-09-15 07:36:06] === EXPERIMENTO experimento_20260915_045417 CONCLUIDO ===
[2026-09-15 07:36:06] Resultados em: /app/dados/experimentos/experimento_20260915_045417
